PS C:\Users\zzap4\Downloads> mkdir git_challenge


    ディレクトリ: C:\Users\zzap4\Downloads


Mode                 LastWriteTime         Length Name
----                 -------------         ------ ----
d-----        2025/08/07     14:31                git_challenge


PS C:\Users\zzap4\Downloads> cd git_challenge
PS C:\Users\zzap4\Downloads\git_challenge> git init
Initialized empty Git repository in C:/Users/zzap4/Downloads/git_challenge/.git/
PS C:\Users\zzap4\Downloads\git_challenge> echo "Hello, world!" >> hello_world.txt
PS C:\Users\zzap4\Downloads\git_challenge> git add hello_world.txt
PS C:\Users\zzap4\Downloads\git_challenge> git commit -m "hello_world.txtを追加"
[main (root-commit) 1924218] hello_world.txtを追加
 1 file changed, 0 insertions(+), 0 deletions(-)
 create mode 100644 hello_world.txt
PS C:\Users\zzap4\Downloads\git_challenge> echo "こんにちは、世界！" >> hello_world.txt
PS C:\Users\zzap4\Downloads\git_challenge> git add hello_world.txt
PS C:\Users\zzap4\Downloads\git_challenge> git commit -m "日本語訳を追記"
[main 6d09a32] 日本語訳を追記
 1 file changed, 0 insertions(+), 0 deletions(-)
PS C:\Users\zzap4\Downloads\git_challenge> git log --oneline
6d09a32 (HEAD -> main) 日本語訳を追記
1924218 hello_world.txtを追加
