PS C:\Users\zzap4\Documents\git_challenge> git init
Initialized empty Git repository in C:/Users/zzap4/Documents/git_challenge/.git/
PS C:\Users\zzap4\Documents\git_challenge> git add .hello_world.txt
fatal: pathspec '.hello_world.txt' did not match any files
PS C:\Users\zzap4\Documents\git_challenge> git add . git add .hello_world.txt
fatal: pathspec 'git' did not match any files
PS C:\Users\zzap4\Documents\git_challenge> cd git_challenge
cd : パス 'C:\Users\zzap4\Documents\git_challenge\git_challenge' が存
在しないため検出できません。
発生場所 行:1 文字:1
+ cd git_challenge
+ ~~~~~~~~~~~~~~~~
    + CategoryInfo          : ObjectNotFound: (C:\Users\zzap4\...e\gi  
   t_challenge:String) [Set-Location], ItemNotFoundException
    + FullyQualifiedErrorId : PathNotFound,Microsoft.PowerShell.Comma  
   nds.SetLocationCommand

PS C:\Users\zzap4\Documents\git_challenge> git add hello_world.txt
PS C:\Users\zzap4\Documents\git_challenge> git commit -m "Add hello_world.txt"
[main (root-commit) 665833f] Add hello_world.txt
 1 file changed, 1 insertion(+)
 create mode 100644 hello_world.txt
PS C:\Users\zzap4\Documents\git_challenge> git add hello_world.txt
PS C:\Users\zzap4\Documents\git_challenge> git commit -m "Add hello_world.txt"
[main d29f940] Add hello_world.txt
 1 file changed, 2 insertions(+), 1 deletion(-)
PS C:\Users\zzap4\Documents\git_challenge> git status
On branch main
nothing to commit, working tree clean
PS C:\Users\zzap4\Documents\git_challenge> git commit -m "Add hello_world!"
On branch main
nothing to commit, working tree clean
PS C:\Users\zzap4\Documents\git_challenge> git log
commit d29f9408b1a36654c6537175b8c93a538210439e (HEAD -> main)
Author: etuth <etuth7020@gmail.com>
Date:   Mon Aug 4 21:06:04 2025 +0900

    Add hello_world.txt

commit 665833f9a3628dbd4c0428bc90c38ef54b57972f
Author: etuth <etuth7020@gmail.com>
Date:   Mon Aug 4 21:03:52 2025 +0900

    Add hello_world.txt